Command: /home/zander/.espressif/python_env/idf5.5_py3.13_env/bin/python /home/zander/Code Repos/musicPlayer-CYD/cyd-espidf/esp-idf-v5.5.3/tools/idf_monitor.py -p /dev/ttyUSB0 -b 115200 --toolchain-prefix xtensa-esp32s3-elf- --target esp32s3 --revision 0 /home/zander/Code Repos/musicPlayer-CYD/cyd-espidf/S3-BT/build/bluetooth_music_player_es3c28p.elf /home/zander/Code Repos/musicPlayer-CYD/cyd-espidf/S3-BT/build/bootloader/bootloader.elf -m '/home/zander/.espressif/python_env/idf5.5_py3.13_env/bin/python' '/home/zander/Code Repos/musicPlayer-CYD/cyd-espidf/esp-idf-v5.5.3/tools/idf.py' '-C' 'S3-BT' '-p' '/dev/ttyUSB0'
[0;32mI (20271) MAIN: Wi-Fi stream active - Playing: No[0m
[0;32mI (25224) SLIMPROTO: strm cmd f[0m
[0;32mI (25225) SLIMPROTO: strm cmd q[0m
[0;32mI (25230) SLIMPROTO: Starting PCM stream http://192.168.50.146:8097/single/3WUMxDxP/3c:0f:02:dd:b5:30/a3a6562c1fcf4ee3ad80f64e9eef7cad.flac (44100 Hz, stereo)[0m
[0;32mI (25233) MA_STREAM: Music Assistant stream started (http://192.168.50.146:8097/single/3WUMxDxP/3c:0f:02:dd:b5:30/a3a6562c1fcf4ee3ad80f64e9eef7cad.flac, 44100 Hz, stereo)[0m
[0;32mI (25271) UI: Track metadata changed[0m
[0;32mI (25488) UI: Play state changed: Playing[0m
[0;32mI (25531) MAIN: Wi-Fi stream active - Playing: Yes[0m
[0;32mI (27260) MA_STREAM: Connected to stream: http://192.168.50.146:8097/single/3WUMxDxP/3c:0f:02:dd:b5:30/a3a6562c1fcf4ee3ad80f64e9eef7cad.flac[0m
[0;32mI (27261) MA_STREAM: HTTP stream status=200 content_length=-1[0m
[0;32mI (27267) ESP_ES_PARSER: The verion of es_parser is v1.0.0[0m
[0;32mI (27272) FLAC_DEC: FLAC decoder stream started[0m
[0;32mI (27299) AUD_Dec_Parse: FLAC sample_rate 48000 duration:0 max_frame:7100[0m
[0;33mW (27405) FLAC_DEC: Unsupported FLAC bit depth: 24 (only 16-bit output supported)[0m
[0;33mW (27406) MA_STREAM: FLAC feed failed: ESP_ERR_NOT_SUPPORTED[0m
[0;33mW (27407) MA_STREAM: Stopping stream: FLAC profile not supported on-device[0m
[1;31mE (27415) ESP_ES_PARSER: Invalid argument handle 0x3fcdd940 out 0x3fce08dc in buffer 0x0[0m
[0;32mI (27422) FLAC_DEC: FLAC decoder stream stopped[0m
[0;32mI (30531) MAIN: Wi-Fi stream active - Playing: Yes[0m
[0;32mI (33270) SLIMPROTO: strm cmd p (pause)[0m
[0;32mI (33281) UI: Play state changed: Paused[0m
[0;32mI (35574) MAIN: Wi-Fi stream active - Playing: No[0m
[0;32mI (40574) MAIN: Wi-Fi stream active - Playing: No[0m
[0;32mI (45574) MAIN: Wi-Fi stream active - Playing: No[0m
[0;32mI (50574) MAIN: Wi-Fi stream active - Playing: No[0m
[0;32mI (55574) MAIN: Wi-Fi stream active - Playing: No[0m
[0;32mI (60574) MAIN: Wi-Fi stream active - Playing: No[0m
[0;32mI (63264) SLIMPROTO: strm cmd q[0m
[0;32mI (65574) MAIN: Wi-Fi stream active - Playing: No[0m
[0;32mI (70574) MAIN: Wi-Fi stream active - Playing: No[0m
[0;32mI (75574) MAIN: Wi-Fi stream active - Playing: No[0m
[0;32mI (76286) SLIMPROTO: strm cmd f[0m
[0;32mI (76288) SLIMPROTO: strm cmd q[0m
[0;32mI (76294) SLIMPROTO: Starting PCM stream http://192.168.50.146:8097/single/azYtXwHm/3c:0f:02:dd:b5:30/a3a6562c1fcf4ee3ad80f64e9eef7cad.flac (44100 Hz, stereo)[0m
[0;32mI (76298) MA_STREAM: Music Assistant stream updated (http://192.168.50.146:8097/single/azYtXwHm/3c:0f:02:dd:b5:30/a3a6562c1fcf4ee3ad80f64e9eef7cad.flac, 44100 Hz, stereo)[0m
[0;32mI (76324) UI: Track metadata changed[0m
[0;32mI (76410) MA_STREAM: Connected to stream: http://192.168.50.146:8097/single/azYtXwHm/3c:0f:02:dd:b5:30/a3a6562c1fcf4ee3ad80f64e9eef7cad.flac[0m
[0;32mI (76411) MA_STREAM: HTTP stream status=200 content_length=-1[0m
[0;32mI (76417) ESP_ES_PARSER: The verion of es_parser is v1.0.0[0m
[0;32mI (76422) FLAC_DEC: FLAC decoder stream started[0m
[0;32mI (76549) UI: Play state changed: Playing[0m
[0;32mI (78325) AUD_Dec_Parse: FLAC sample_rate 48000 duration:0 max_frame:4794[0m

assert failed: xQueueSemaphoreTake queue.c:1709 (( pxQueue ))


Backtrace: 0x4037ed65:0x3fce06c0 0x4037ed31:0x3fce06e0 0x403875a1:0x3fce0700 0x4037f87e:0x3fce0820 0x4204064e:0x3fce0860 0x4201c4f8:0x3fce0890 0x420aeddd:0x3fce08c0 0x420106d6:0x3fce08e0 0x4200eba1:0x3fce0910 0x4200ee05:0x3fce09a0 0x4200e391:0x3fce09c0




ELF file SHA256: 0dba7304d

Rebooting...
���ESP-ROM:esp32s3-20210327
Build:Mar 27 2021
rst:0xc (RTC_SW_CPU_RST),boot:0xa (SPI_FAST_FLASH_BOOT)
Saved PC:0x4037bea2
SPIWP:0xee
mode:DIO, clock div:1
load:0x3fce2820,len:0x14f0
load:0x403c8700,len:0xd24
load:0x403cb700,len:0x2ef0
entry 0x403c8924
[0;32mI (29) boot: ESP-IDF v5.5.3 2nd stage bootloader[0m
[0;32mI (29) boot: compile time Mar  4 2026 21:55:04[0m
[0;32mI (29) boot: Multicore bootloader[0m
[0;32mI (29) boot: chip revision: v0.2[0m
[0;32mI (32) boot: efuse block revision: v1.3[0m
[0;32mI (36) boot.esp32s3: Boot SPI Speed : 80MHz[0m
[0;32mI (40) boot.esp32s3: SPI Mode       : DIO[0m
[0;32mI (43) boot.esp32s3: SPI Flash Size : 2MB[0m
[0;32mI (47) boot: Enabling RNG early entropy source...[0m
[0;32mI (52) boot: Partition Table:[0m
[0;32mI (54) boot: ## Label            Usage          Type ST Offset   Length[0m
[0;32mI (60) boot:  0 nvs              WiFi data        01 02 00009000 00006000[0m
[0;32mI (67) boot:  1 phy_init         RF data          01 01 0000f000 00001000[0m
[0;32mI (73) boot:  2 factory          factory app      00 00 00010000 00177000[0m
[0;32mI (80) boot: End of partition table[0m
[0;32mI (83) esp_image: segment 0: paddr=00010020 vaddr=3c0c0020 size=28ea0h (167584) map[0m
[0;32mI (120) esp_image: segment 1: paddr=00038ec8 vaddr=3fc9dc00 size=05774h ( 22388) load[0m
[0;32mI (125) esp_image: segment 2: paddr=0003e644 vaddr=40374000 size=019d4h (  6612) load[0m
[0;32mI (127) esp_image: segment 3: paddr=00040020 vaddr=42000020 size=b9a64h (760420) map[0m
[0;32mI (266) esp_image: segment 4: paddr=000f9a8c vaddr=403759d4 size=18154h ( 98644) load[0m
[0;32mI (288) esp_image: segment 5: paddr=00111be8 vaddr=50000000 size=00020h (    32) load[0m
[0;32mI (298) boot: Loaded app from partition at offset 0x10000[0m
[0;32mI (299) boot: Disabling RNG early entropy source...[0m
[0;32mI (309) octal_psram: vendor id    : 0x0d (AP)[0m
[0;32mI (309) octal_psram: dev id       : 0x02 (generation 3)[0m
[0;32mI (309) octal_psram: density      : 0x03 (64 Mbit)[0m
[0;32mI (311) octal_psram: good-die     : 0x01 (Pass)[0m
[0;32mI (315) octal_psram: Latency      : 0x01 (Fixed)[0m
[0;32mI (320) octal_psram: VCC          : 0x01 (3V)[0m
[0;32mI (324) octal_psram: SRF          : 0x01 (Fast Refresh)[0m
[0;32mI (329) octal_psram: BurstType    : 0x01 (Hybrid Wrap)[0m
[0;32mI (334) octal_psram: BurstLen     : 0x01 (32 Byte)[0m
[0;32mI (338) octal_psram: Readlatency  : 0x02 (10 cycles@Fixed)[0m
[0;32mI (343) octal_psram: DriveStrength: 0x00 (1/1)[0m
[0;32mI (347) MSPI Timing: Enter psram timing tuning[0m
[0;32mI (352) esp_psram: Found 8MB PSRAM device[0m
[0;32mI (355) esp_psram: Speed: 80MHz[0m
[0;32mI (358) cpu_start: Multicore app[0m
[0;32mI (768) esp_psram: SPI SRAM memory test OK[0m
[0;32mI (776) cpu_start: GPIO 44 and 43 are used as console UART I/O pins[0m
[0;32mI (777) cpu_start: Pro cpu start user code[0m
[0;32mI (777) cpu_start: cpu freq: 160000000 Hz[0m
[0;32mI (778) app_init: Application information:[0m
[0;32mI (782) app_init: Project name:     bluetooth_music_player_es3c28p[0m
[0;32mI (788) app_init: App version:      1[0m
[0;32mI (791) app_init: Compile time:     Mar  4 2026 21:54:52[0m
[0;32mI (796) app_init: ELF file SHA256:  0dba7304d...[0m
[0;32mI (801) app_init: ESP-IDF:          v5.5.3[0m
[0;32mI (805) efuse_init: Min chip rev:     v0.0[0m
[0;32mI (808) efuse_init: Max chip rev:     v0.99 [0m
[0;32mI (812) efuse_init: Chip rev:         v0.2[0m
[0;32mI (816) heap_init: Initializing. RAM available for dynamic allocation:[0m
[0;32mI (823) heap_init: At 3FCA7E40 len 000418D0 (262 KiB): RAM[0m
[0;32mI (828) heap_init: At 3FCE9710 len 00005724 (21 KiB): RAM[0m
[0;32mI (833) heap_init: At 3FCF0000 len 00008000 (32 KiB): DRAM[0m
[0;32mI (838) heap_ini